Using pre-set license
Built from '2023.2/staging' branch; Version is '2023.2.20f1 (0e25a174756c) revision 927137'; Using compiler version '193431935'; Build Type 'Release'
OS: 'Windows 10  (10.0.19045) 64bit Professional' Language: 'fr' Physical Memory: 16309 MB
BatchMode: 1, IsHumanControllingUs: 0, StartBugReporterOnCrash: 0, Is64bit: 1, IsPro: 1

COMMAND LINE ARGUMENTS:
C:\Program Files\Unity\Hub\Editor\2023.2.20f1\Editor\Unity.exe
-adb2
-batchMode
-noUpm
-name
AssetImportWorker2
-projectPath
C:/Users/77kik/Documents/ProjetOmegaRenouveau/Game
-logFile
Logs/AssetImportWorker2.log
-srvPort
49539
-job-worker-count
7
-background-job-worker-count
8
-asset-garbage-collectors
1
Successfully changed project path to: C:/Users/77kik/Documents/ProjetOmegaRenouveau/Game
C:/Users/77kik/Documents/ProjetOmegaRenouveau/Game
[UnityMemory] Configuration Parameters - Can be set up in boot.config
    "memorysetup-bucket-allocator-granularity=16"
    "memorysetup-bucket-allocator-bucket-count=8"
    "memorysetup-bucket-allocator-block-size=33554432"
    "memorysetup-bucket-allocator-block-count=8"
    "memorysetup-main-allocator-block-size=16777216"
    "memorysetup-thread-allocator-block-size=16777216"
    "memorysetup-gfx-main-allocator-block-size=16777216"
    "memorysetup-gfx-thread-allocator-block-size=16777216"
    "memorysetup-cache-allocator-block-size=4194304"
    "memorysetup-typetree-allocator-block-size=2097152"
    "memorysetup-profiler-bucket-allocator-granularity=16"
    "memorysetup-profiler-bucket-allocator-bucket-count=8"
    "memorysetup-profiler-bucket-allocator-block-size=33554432"
    "memorysetup-profiler-bucket-allocator-block-count=8"
    "memorysetup-profiler-allocator-block-size=16777216"
    "memorysetup-profiler-editor-allocator-block-size=1048576"
    "memorysetup-temp-allocator-size-main=16777216"
    "memorysetup-job-temp-allocator-block-size=2097152"
    "memorysetup-job-temp-allocator-block-size-background=1048576"
    "memorysetup-job-temp-allocator-reduction-small-platforms=262144"
    "memorysetup-allocator-temp-initial-block-size-main=262144"
    "memorysetup-allocator-temp-initial-block-size-worker=262144"
    "memorysetup-temp-allocator-size-background-worker=32768"
    "memorysetup-temp-allocator-size-job-worker=262144"
    "memorysetup-temp-allocator-size-preload-manager=33554432"
    "memorysetup-temp-allocator-size-nav-mesh-worker=65536"
    "memorysetup-temp-allocator-size-audio-worker=65536"
    "memorysetup-temp-allocator-size-cloud-worker=32768"
    "memorysetup-temp-allocator-size-gi-baking-worker=262144"
    "memorysetup-temp-allocator-size-gi-baking-worker=262144"
    "memorysetup-temp-allocator-size-gi-baking-worker=262144"
    "memorysetup-temp-allocator-size-gi-baking-worker=262144"
    "memorysetup-temp-allocator-size-gfx=262144"
Player connection [33232] Host "[IP] 192.168.1.173 [Port] 0 [Flags] 2 [Guid] 1349635392 [EditorId] 1349635392 [Version] 1048832 [Id] WindowsEditor(7,DESKTOP-FOFTD1M) [Debug] 1 [PackageName] WindowsEditor [ProjectName] Editor" joined multi-casting on [225.0.0.222:54997]...
Player connection [33232] Host "[IP] 192.168.1.173 [Port] 0 [Flags] 2 [Guid] 1349635392 [EditorId] 1349635392 [Version] 1048832 [Id] WindowsEditor(7,DESKTOP-FOFTD1M) [Debug] 1 [PackageName] WindowsEditor [ProjectName] Editor" joined alternative multi-casting on [225.0.0.222:34997]...
JobSystem: Creating JobQueue using job-worker-count value 7
[Physics::Module] Initialized MultithreadedJobDispatcher with 7 workers.
Library Redirect Path: Library/
Refreshing native plugins compatible for Editor in 3.83 ms, found 6 plugins.
Preloading 0 native plugins for Editor in 0.00 ms.
Initialize engine version: 2023.2.20f1 (0e25a174756c)
[Subsystems] Discovering subsystems at path C:/Program Files/Unity/Hub/Editor/2023.2.20f1/Editor/Data/Resources/UnitySubsystems
[Subsystems] Discovering subsystems at path C:/Users/77kik/Documents/ProjetOmegaRenouveau/Game/Assets
GfxDevice: creating device client; kGfxThreadingModeNonThreaded
Direct3D:
    Version:  Direct3D 11.0 [level 11.1]
    Renderer: NVIDIA GeForce RTX 2060 (ID=0x1f08)
    Vendor:   NVIDIA
    VRAM:     5954 MB
    Driver:   32.0.15.8115
Initialize mono
Mono path[0] = 'C:/Program Files/Unity/Hub/Editor/2023.2.20f1/Editor/Data/Managed'
Mono path[1] = 'C:/Program Files/Unity/Hub/Editor/2023.2.20f1/Editor/Data/MonoBleedingEdge/lib/mono/unityjit-win32'
Mono config path = 'C:/Program Files/Unity/Hub/Editor/2023.2.20f1/Editor/Data/MonoBleedingEdge/etc'
Using monoOptions --debugger-agent=transport=dt_socket,embedding=1,server=y,suspend=n,address=127.0.0.1:56424
Begin MonoManager ReloadAssembly
Registering precompiled unity dll's ...
Register platform support module: C:/Program Files/Unity/Hub/Editor/2023.2.20f1/Editor/Data/PlaybackEngines/WebGLSupport/UnityEditor.WebGL.Extensions.dll
Register platform support module: C:/Program Files/Unity/Hub/Editor/2023.2.20f1/Editor/Data/PlaybackEngines/WindowsStandaloneSupport/UnityEditor.WindowsStandalone.Extensions.dll
Registered in 0.009307 seconds.
- Loaded All Assemblies, in  0.524 seconds
Native extension for WindowsStandalone target not found
Native extension for WebGL target not found
Mono: successfully reloaded assembly
- Finished resetting the current domain, in  0.361 seconds
Domain Reload Profiling: 882ms
	BeginReloadAssembly (192ms)
		ExecutionOrderSort (0ms)
		DisableScriptedObjects (0ms)
		BackupInstance (0ms)
		ReleaseScriptingObjects (0ms)
		CreateAndSetChildDomain (1ms)
	RebuildCommonClasses (45ms)
	RebuildNativeTypeToScriptingClass (15ms)
	initialDomainReloadingComplete (67ms)
	LoadAllAssembliesAndSetupDomain (201ms)
		LoadAssemblies (189ms)
		RebuildTransferFunctionScriptingTraits (0ms)
		AnalyzeDomain (199ms)
			TypeCache.Refresh (196ms)
				TypeCache.ScanAssembly (181ms)
			BuildScriptInfoCaches (0ms)
			ResolveRequiredComponents (1ms)
	FinalizeReload (362ms)
		ReleaseScriptCaches (0ms)
		RebuildScriptCaches (0ms)
		SetupLoadedEditorAssemblies (284ms)
			LogAssemblyErrors (0ms)
			InitializePlatformSupportModulesInManaged (12ms)
			SetLoadedEditorAssemblies (6ms)
			BeforeProcessingInitializeOnLoad (6ms)
			ProcessInitializeOnLoadAttributes (212ms)
			ProcessInitializeOnLoadMethodAttributes (48ms)
			AfterProcessingInitializeOnLoad (0ms)
			EditorAssembliesLoaded (0ms)
		ExecutionOrderSort2 (0ms)
		AwakeInstancesAfterBackupRestoration (0ms)
========================================================================
Worker process is ready to serve import requests
Import Worker Mode flag is 0x00
Begin MonoManager ReloadAssembly
Symbol file LoadedFromMemory doesn't match image C:\Users\77kik\Documents\ProjetOmegaRenouveau\Game\Library\PackageCache\com.unity.visualscripting@1.8.0\Editor\VisualScripting.Core\Dependencies\YamlDotNet\Unity.VisualScripting.YamlDotNet.dll
Symbol file LoadedFromMemory doesn't match image C:\Users\77kik\Documents\ProjetOmegaRenouveau\Game\Library\PackageCache\com.unity.visualscripting@1.8.0\Editor\VisualScripting.Core\Dependencies\DotNetZip\Unity.VisualScripting.IonicZip.dll
- Loaded All Assemblies, in  2.229 seconds
Refreshing native plugins compatible for Editor in 2.04 ms, found 6 plugins.
Native extension for WindowsStandalone target not found
Native extension for WebGL target not found
[MODES] ModeService[none].Initialize
[MODES] ModeService[none].LoadModes
[MODES] Loading mode Default (0) for mode-current-id-Game
Mono: successfully reloaded assembly
- Finished resetting the current domain, in  1.057 seconds
Domain Reload Profiling: 3268ms
	BeginReloadAssembly (1161ms)
		ExecutionOrderSort (0ms)
		DisableScriptedObjects (6ms)
		BackupInstance (0ms)
		ReleaseScriptingObjects (0ms)
		CreateAndSetChildDomain (33ms)
	RebuildCommonClasses (47ms)
	RebuildNativeTypeToScriptingClass (13ms)
	initialDomainReloadingComplete (44ms)
	LoadAllAssembliesAndSetupDomain (945ms)
		LoadAssemblies (791ms)
		RebuildTransferFunctionScriptingTraits (0ms)
		AnalyzeDomain (270ms)
			TypeCache.Refresh (201ms)
				TypeCache.ScanAssembly (183ms)
			BuildScriptInfoCaches (42ms)
			ResolveRequiredComponents (24ms)
	FinalizeReload (1058ms)
		ReleaseScriptCaches (0ms)
		RebuildScriptCaches (0ms)
		SetupLoadedEditorAssemblies (735ms)
			LogAssemblyErrors (0ms)
			InitializePlatformSupportModulesInManaged (3ms)
			SetLoadedEditorAssemblies (3ms)
			BeforeProcessingInitializeOnLoad (80ms)
			ProcessInitializeOnLoadAttributes (606ms)
			ProcessInitializeOnLoadMethodAttributes (36ms)
			AfterProcessingInitializeOnLoad (7ms)
			EditorAssembliesLoaded (0ms)
		ExecutionOrderSort2 (0ms)
		AwakeInstancesAfterBackupRestoration (10ms)
Launched and connected shader compiler UnityShaderCompiler.exe after 0.03 seconds
Refreshing native plugins compatible for Editor in 2.13 ms, found 6 plugins.
Preloading 0 native plugins for Editor in 0.00 ms.
Unloading 299 Unused Serialized files (Serialized files now loaded: 0)
Unloading 6462 unused Assets / (8.7 MB). Loaded Objects now: 7248.
Memory consumption went from 216.4 MB to 207.7 MB.
Total: 11.278800 ms (FindLiveObjects: 0.832300 ms CreateObjectMapping: 0.370500 ms MarkObjects: 5.293800 ms  DeleteObjects: 4.780500 ms)

========================================================================
Received Import Request.
  Time since last request: 38260.550812 seconds.
  path: Assets/Low-Poly Medieval Market/Models/carrot.fbx
  artifactKey: Guid(e24a8827498d3bb4b932c15208dcab04) Importer(815301076,1909f56bfc062723c751e8b465ee728b)
Start importing Assets/Low-Poly Medieval Market/Models/carrot.fbx using Guid(e24a8827498d3bb4b932c15208dcab04) Importer(815301076,1909f56bfc062723c751e8b465ee728b) (PreviewImporter) -> (artifact id: '68508866fe4010fbfdfda12d545cb35c') in 0.3834053 seconds
Number of updated asset objects reloaded before import = 0Number of asset objects unloaded after import = 38

========================================================================
Received Import Request.
  Time since last request: 0.207321 seconds.
  path: Assets/Low-Poly Medieval Market/Prefabs/egg_brown.prefab
  artifactKey: Guid(8c0494df984b65947bcccebd74b1898c) Importer(815301076,1909f56bfc062723c751e8b465ee728b)
Start importing Assets/Low-Poly Medieval Market/Prefabs/egg_brown.prefab using Guid(8c0494df984b65947bcccebd74b1898c) Importer(815301076,1909f56bfc062723c751e8b465ee728b) (PreviewImporter) -> (artifact id: 'ad7fa0c67e97bef8af40785f660d9c95') in 0.0980858 seconds
Number of updated asset objects reloaded before import = 0Number of asset objects unloaded after import = 31

========================================================================
Received Import Request.
  Time since last request: 0.014667 seconds.
  path: Assets/Modular Building Kit/Built In/Prefab/Environment Props/Ground Step.prefab
  artifactKey: Guid(19cedba7742d64a409125e699f03e488) Importer(815301076,1909f56bfc062723c751e8b465ee728b)
Start importing Assets/Modular Building Kit/Built In/Prefab/Environment Props/Ground Step.prefab using Guid(19cedba7742d64a409125e699f03e488) Importer(815301076,1909f56bfc062723c751e8b465ee728b) (PreviewImporter) -> (artifact id: '1618ef31a26a88ae67d320165ffb65f3') in 0.0160662 seconds
Number of updated asset objects reloaded before import = 0Number of asset objects unloaded after import = 28

========================================================================
Received Import Request.
  Time since last request: 0.022093 seconds.
  path: Assets/Daniel Mistage/Stylized Fantasy Armory/Prefabs/Weapons and Shields/Shields/Iron Shields/IronShield.001.prefab
  artifactKey: Guid(7d204f674b047574faf61698b8a565e4) Importer(815301076,1909f56bfc062723c751e8b465ee728b)
Start importing Assets/Daniel Mistage/Stylized Fantasy Armory/Prefabs/Weapons and Shields/Shields/Iron Shields/IronShield.001.prefab using Guid(7d204f674b047574faf61698b8a565e4) Importer(815301076,1909f56bfc062723c751e8b465ee728b) (PreviewImporter) -> (artifact id: 'b5ff3581a72e1197d6f9a348ade1e847') in 0.0338641 seconds
Number of updated asset objects reloaded before import = 0Number of asset objects unloaded after import = 32

========================================================================
Received Import Request.
  Time since last request: 0.000032 seconds.
  path: Assets/Daniel Mistage/Stylized Fantasy Armory/FBX/IronShield.002.fbx
  artifactKey: Guid(c9c2830cf4468704ba5f9ce968e2daca) Importer(815301076,1909f56bfc062723c751e8b465ee728b)
Start importing Assets/Daniel Mistage/Stylized Fantasy Armory/FBX/IronShield.002.fbx using Guid(c9c2830cf4468704ba5f9ce968e2daca) Importer(815301076,1909f56bfc062723c751e8b465ee728b) (PreviewImporter) -> (artifact id: '66164aae5494019f1dfd22e60d3a9a90') in 0.031965 seconds
Number of updated asset objects reloaded before import = 0Number of asset objects unloaded after import = 31

========================================================================
Received Import Request.
  Time since last request: 0.000034 seconds.
  path: Assets/Daniel Mistage/Stylized Fantasy Armory/FBX/IronShield.004.fbx
  artifactKey: Guid(82006f901a317864b95e27d49c99b2cb) Importer(815301076,1909f56bfc062723c751e8b465ee728b)
Start importing Assets/Daniel Mistage/Stylized Fantasy Armory/FBX/IronShield.004.fbx using Guid(82006f901a317864b95e27d49c99b2cb) Importer(815301076,1909f56bfc062723c751e8b465ee728b) (PreviewImporter) -> (artifact id: '00b1db00b261f624f3253d5c1b18d8ce') in 0.0290332 seconds
Number of updated asset objects reloaded before import = 0Number of asset objects unloaded after import = 31

========================================================================
Received Import Request.
  Time since last request: 0.000025 seconds.
  path: Assets/Daniel Mistage/Stylized Fantasy Armory/Prefabs/Weapons and Shields/Shields/Iron Shields/IronShield.005.prefab
  artifactKey: Guid(d123c6d3e28263e409d6e948c12c8d2d) Importer(815301076,1909f56bfc062723c751e8b465ee728b)
Start importing Assets/Daniel Mistage/Stylized Fantasy Armory/Prefabs/Weapons and Shields/Shields/Iron Shields/IronShield.005.prefab using Guid(d123c6d3e28263e409d6e948c12c8d2d) Importer(815301076,1909f56bfc062723c751e8b465ee728b) (PreviewImporter) -> (artifact id: 'd32b671f28189b38b1b0bee80ed38d84') in 0.0228526 seconds
Number of updated asset objects reloaded before import = 0Number of asset objects unloaded after import = 32

========================================================================
Received Import Request.
  Time since last request: 0.000026 seconds.
  path: Assets/Daniel Mistage/Stylized Fantasy Armory/Prefabs/Weapons and Shields/Shields/Iron Shields/IronShield.007.prefab
  artifactKey: Guid(740e4f6c660a98c42a57a02823e26f77) Importer(815301076,1909f56bfc062723c751e8b465ee728b)
Start importing Assets/Daniel Mistage/Stylized Fantasy Armory/Prefabs/Weapons and Shields/Shields/Iron Shields/IronShield.007.prefab using Guid(740e4f6c660a98c42a57a02823e26f77) Importer(815301076,1909f56bfc062723c751e8b465ee728b) (PreviewImporter) -> (artifact id: '92e47e1a6b04740c04445b4c8134bb5a') in 0.0251307 seconds
Number of updated asset objects reloaded before import = 0Number of asset objects unloaded after import = 32

========================================================================
Received Import Request.
  Time since last request: 1.701850 seconds.
  path: Assets/Daniel Mistage/Stylized Fantasy Armory/FBX/Rock.001.fbx
  artifactKey: Guid(f7f6a674a9fbb5644bed099d30318dba) Importer(815301076,1909f56bfc062723c751e8b465ee728b)
Start importing Assets/Daniel Mistage/Stylized Fantasy Armory/FBX/Rock.001.fbx using Guid(f7f6a674a9fbb5644bed099d30318dba) Importer(815301076,1909f56bfc062723c751e8b465ee728b) (PreviewImporter) -> (artifact id: '1f2b55c07f241b28d2a1486361bebdaf') in 0.0250536 seconds
Number of updated asset objects reloaded before import = 0Number of asset objects unloaded after import = 31

========================================================================
Received Import Request.
  Time since last request: 0.000038 seconds.
  path: Assets/Daniel Mistage/Stylized Fantasy Armory/FBX/Rock.002.fbx
  artifactKey: Guid(7e2df715612685a4f8dfc8cf0c12b077) Importer(815301076,1909f56bfc062723c751e8b465ee728b)
Start importing Assets/Daniel Mistage/Stylized Fantasy Armory/FBX/Rock.002.fbx using Guid(7e2df715612685a4f8dfc8cf0c12b077) Importer(815301076,1909f56bfc062723c751e8b465ee728b) (PreviewImporter) -> (artifact id: 'efb7caf3c5886e5ce330d0744d66b5fa') in 0.0290404 seconds
Number of updated asset objects reloaded before import = 0Number of asset objects unloaded after import = 31

========================================================================
Received Import Request.
  Time since last request: 0.000043 seconds.
  path: Assets/Daniel Mistage/Stylized Fantasy Armory/Prefabs/Nature/Rocks/Rocks/Rock.004.prefab
  artifactKey: Guid(3fa5cb51075276949a259a580d4a2952) Importer(815301076,1909f56bfc062723c751e8b465ee728b)
Start importing Assets/Daniel Mistage/Stylized Fantasy Armory/Prefabs/Nature/Rocks/Rocks/Rock.004.prefab using Guid(3fa5cb51075276949a259a580d4a2952) Importer(815301076,1909f56bfc062723c751e8b465ee728b) (PreviewImporter) -> (artifact id: 'c64a63f719f8c59856b035f9d4a50570') in 0.0242974 seconds
Number of updated asset objects reloaded before import = 0Number of asset objects unloaded after import = 32

========================================================================
Received Import Request.
  Time since last request: 0.000029 seconds.
  path: Assets/Daniel Mistage/Stylized Fantasy Armory/Prefabs/Nature/Rocks/Rocks/Rock.009.prefab
  artifactKey: Guid(407db42f2357efb4ab2f34f8b95467df) Importer(815301076,1909f56bfc062723c751e8b465ee728b)
Start importing Assets/Daniel Mistage/Stylized Fantasy Armory/Prefabs/Nature/Rocks/Rocks/Rock.009.prefab using Guid(407db42f2357efb4ab2f34f8b95467df) Importer(815301076,1909f56bfc062723c751e8b465ee728b) (PreviewImporter) -> (artifact id: '7d65ed59ec1ca209086c42b4b6f3d8ac') in 0.1086338 seconds
Number of updated asset objects reloaded before import = 0Number of asset objects unloaded after import = 32

========================================================================
Received Import Request.
  Time since last request: 0.000032 seconds.
  path: Assets/Daniel Mistage/Stylized Fantasy Armory/Prefabs/Nature/Rocks/Rocks/Rock.011.prefab
  artifactKey: Guid(e4c891c544342874797121323d63b6df) Importer(815301076,1909f56bfc062723c751e8b465ee728b)
Start importing Assets/Daniel Mistage/Stylized Fantasy Armory/Prefabs/Nature/Rocks/Rocks/Rock.011.prefab using Guid(e4c891c544342874797121323d63b6df) Importer(815301076,1909f56bfc062723c751e8b465ee728b) (PreviewImporter) -> (artifact id: '16bfb0a72114c2c0b3fa02ddc8878535') in 0.0247498 seconds
Number of updated asset objects reloaded before import = 0Number of asset objects unloaded after import = 32

========================================================================
Received Import Request.
  Time since last request: 0.000026 seconds.
  path: Assets/Daniel Mistage/Stylized Fantasy Armory/FBX/Rock.013.fbx
  artifactKey: Guid(6c299941609730f4b88f06cb957ecb5f) Importer(815301076,1909f56bfc062723c751e8b465ee728b)
Start importing Assets/Daniel Mistage/Stylized Fantasy Armory/FBX/Rock.013.fbx using Guid(6c299941609730f4b88f06cb957ecb5f) Importer(815301076,1909f56bfc062723c751e8b465ee728b) (PreviewImporter) -> (artifact id: '239216581dc47e674eda6a72381488fa') in 0.0272512 seconds
Number of updated asset objects reloaded before import = 0Number of asset objects unloaded after import = 31

========================================================================
Received Import Request.
  Time since last request: 0.000024 seconds.
  path: Assets/Daniel Mistage/Stylized Fantasy Armory/FBX/Rock.020.fbx
  artifactKey: Guid(168b265a7322f9a49b8ef2a368371eeb) Importer(815301076,1909f56bfc062723c751e8b465ee728b)
Start importing Assets/Daniel Mistage/Stylized Fantasy Armory/FBX/Rock.020.fbx using Guid(168b265a7322f9a49b8ef2a368371eeb) Importer(815301076,1909f56bfc062723c751e8b465ee728b) (PreviewImporter) -> (artifact id: '820909977d6dc0300f40b5f6e7155aba') in 0.0235151 seconds
Number of updated asset objects reloaded before import = 0Number of asset objects unloaded after import = 31

========================================================================
Received Import Request.
  Time since last request: 0.000036 seconds.
  path: Assets/Daniel Mistage/Stylized Fantasy Armory/FBX/Rock.021.fbx
  artifactKey: Guid(063dc6c54ed8c534991bcedc1ff6bfd7) Importer(815301076,1909f56bfc062723c751e8b465ee728b)
Start importing Assets/Daniel Mistage/Stylized Fantasy Armory/FBX/Rock.021.fbx using Guid(063dc6c54ed8c534991bcedc1ff6bfd7) Importer(815301076,1909f56bfc062723c751e8b465ee728b) (PreviewImporter) -> (artifact id: '44c755164e669bbb3df1af3fb99ccdaa') in 0.0233057 seconds
Number of updated asset objects reloaded before import = 0Number of asset objects unloaded after import = 31

========================================================================
Received Import Request.
  Time since last request: 0.004670 seconds.
  path: Assets/Daniel Mistage/Stylized Fantasy Armory/Prefabs/Nature/Rocks/Rock + Moss/RockMoss.001.prefab
  artifactKey: Guid(7533f29e53e570547b0b2c0491c5db29) Importer(815301076,1909f56bfc062723c751e8b465ee728b)
Start importing Assets/Daniel Mistage/Stylized Fantasy Armory/Prefabs/Nature/Rocks/Rock + Moss/RockMoss.001.prefab using Guid(7533f29e53e570547b0b2c0491c5db29) Importer(815301076,1909f56bfc062723c751e8b465ee728b) (PreviewImporter) -> (artifact id: '945cda117fa084838811e970669481fd') in 0.0254914 seconds
Number of updated asset objects reloaded before import = 0Number of asset objects unloaded after import = 32

========================================================================
Received Import Request.
  Time since last request: 0.004072 seconds.
  path: Assets/Daniel Mistage/Stylized Fantasy Armory/FBX/RockMoss.002.fbx
  artifactKey: Guid(5446c24b3119e05459ef463e78115f9f) Importer(815301076,1909f56bfc062723c751e8b465ee728b)
Start importing Assets/Daniel Mistage/Stylized Fantasy Armory/FBX/RockMoss.002.fbx using Guid(5446c24b3119e05459ef463e78115f9f) Importer(815301076,1909f56bfc062723c751e8b465ee728b) (PreviewImporter) -> (artifact id: '4d3239c6a74e6d18211f68e090d2606f') in 0.0245511 seconds
Number of updated asset objects reloaded before import = 0Number of asset objects unloaded after import = 31

========================================================================
Received Import Request.
  Time since last request: 0.000062 seconds.
  path: Assets/Daniel Mistage/Stylized Fantasy Armory/FBX/RockMoss.004.fbx
  artifactKey: Guid(3651b8449d8caaa4e8e404eff002260c) Importer(815301076,1909f56bfc062723c751e8b465ee728b)
Start importing Assets/Daniel Mistage/Stylized Fantasy Armory/FBX/RockMoss.004.fbx using Guid(3651b8449d8caaa4e8e404eff002260c) Importer(815301076,1909f56bfc062723c751e8b465ee728b) (PreviewImporter) -> (artifact id: '1f154372e75311775e3f2a03c78caff3') in 0.0353627 seconds
Number of updated asset objects reloaded before import = 0Number of asset objects unloaded after import = 31

========================================================================
Received Import Request.
  Time since last request: 7.104656 seconds.
  path: Assets/Prefabs/Essentials/QuestManager.prefab
  artifactKey: Guid(2ca21f89d658afe43a1254bbda7e2c44) Importer(815301076,1909f56bfc062723c751e8b465ee728b)
Start importing Assets/Prefabs/Essentials/QuestManager.prefab using Guid(2ca21f89d658afe43a1254bbda7e2c44) Importer(815301076,1909f56bfc062723c751e8b465ee728b) (PreviewImporter) -> (artifact id: '310262c3c3bbe23bdbbefbbd20d9b285') in 0.0457438 seconds
Number of updated asset objects reloaded before import = 0Number of asset objects unloaded after import = 21

========================================================================
Received Import Request.
  Time since last request: 0.000031 seconds.
  path: Assets/Level 1 Monster Pack/Prefabs/Rabbit/Rabbit_Red.prefab
  artifactKey: Guid(c334a7c41936e764391ae93ab0e1981d) Importer(815301076,1909f56bfc062723c751e8b465ee728b)
Start importing Assets/Level 1 Monster Pack/Prefabs/Rabbit/Rabbit_Red.prefab using Guid(c334a7c41936e764391ae93ab0e1981d) Importer(815301076,1909f56bfc062723c751e8b465ee728b) (PreviewImporter) -> (artifact id: '1aecaf4aa86dfc899dd97bce427f6729') in 0.1093749 seconds
Number of updated asset objects reloaded before import = 0Number of asset objects unloaded after import = 78

========================================================================
Received Import Request.
  Time since last request: 0.000035 seconds.
  path: Assets/Level 1 Monster Pack/Prefabs/Rabbit/Rabbit_Yellow.prefab
  artifactKey: Guid(2a4adfdefdadd7048a18bb7e7cc5b23b) Importer(815301076,1909f56bfc062723c751e8b465ee728b)
Start importing Assets/Level 1 Monster Pack/Prefabs/Rabbit/Rabbit_Yellow.prefab using Guid(2a4adfdefdadd7048a18bb7e7cc5b23b) Importer(815301076,1909f56bfc062723c751e8b465ee728b) (PreviewImporter) -> (artifact id: '349c4ded637fdd84be77325b412f4ded') in 0.0502515 seconds
Number of updated asset objects reloaded before import = 0Number of asset objects unloaded after import = 78

========================================================================
Received Import Request.
  Time since last request: 0.000027 seconds.
  path: Assets/@PaulosCreations/RunesAndPortals/Rift/Mesh/RiftBase.fbx
  artifactKey: Guid(54da639276f7cd94bb4f827393b22bca) Importer(815301076,1909f56bfc062723c751e8b465ee728b)
Start importing Assets/@PaulosCreations/RunesAndPortals/Rift/Mesh/RiftBase.fbx using Guid(54da639276f7cd94bb4f827393b22bca) Importer(815301076,1909f56bfc062723c751e8b465ee728b) (PreviewImporter) -> (artifact id: 'ae7278abd3c365d7c69d0dc976651e8c') in 0.3998884 seconds
Number of updated asset objects reloaded before import = 0Number of asset objects unloaded after import = 38

========================================================================
Received Import Request.
  Time since last request: 0.000033 seconds.
  path: Assets/Modular Building Kit/Built In/Prefab/Roof Tile/Roof Tile 2.prefab
  artifactKey: Guid(deb79d5f6c1a6b84aba7317304f3f5b7) Importer(815301076,1909f56bfc062723c751e8b465ee728b)
Start importing Assets/Modular Building Kit/Built In/Prefab/Roof Tile/Roof Tile 2.prefab using Guid(deb79d5f6c1a6b84aba7317304f3f5b7) Importer(815301076,1909f56bfc062723c751e8b465ee728b) (PreviewImporter) -> (artifact id: 'a478e307c8b136453be6d1bb14464ddc') in 0.0193614 seconds
Number of updated asset objects reloaded before import = 0Number of asset objects unloaded after import = 28

========================================================================
Received Import Request.
  Time since last request: 0.000035 seconds.
  path: Assets/Low-Poly Medieval Market/Models/round_cheese.fbx
  artifactKey: Guid(d320db67a194e4149bb4d75d749a92b8) Importer(815301076,1909f56bfc062723c751e8b465ee728b)
Start importing Assets/Low-Poly Medieval Market/Models/round_cheese.fbx using Guid(d320db67a194e4149bb4d75d749a92b8) Importer(815301076,1909f56bfc062723c751e8b465ee728b) (PreviewImporter) -> (artifact id: '26fe89a05eeb40edf6604294dfb5b8e1') in 0.0320696 seconds
Number of updated asset objects reloaded before import = 0Number of asset objects unloaded after import = 30

========================================================================
Received Import Request.
  Time since last request: 0.000045 seconds.
  path: Assets/RPGHero/Prefabs/RPGHeroPolyart.prefab
  artifactKey: Guid(c647a6e9ba715004ebbf4dc6d7bd1e7a) Importer(815301076,1909f56bfc062723c751e8b465ee728b)
Start importing Assets/RPGHero/Prefabs/RPGHeroPolyart.prefab using Guid(c647a6e9ba715004ebbf4dc6d7bd1e7a) Importer(815301076,1909f56bfc062723c751e8b465ee728b) (PreviewImporter) -> (artifact id: '6fb85a61717391d11cc2e8a5f3f8f8ce') in 0.4323499 seconds
Internal: There are remaining Allocations on the JobTempAlloc. This is a leak, and will impact performance
To Debug, run app with -diag-job-temp-memory-leak-validation cmd line argument. This will output the callstacks of the leaked allocations.
Number of updated asset objects reloaded before import = 0Number of asset objects unloaded after import = 212

========================================================================
Received Import Request.
  Time since last request: 0.000044 seconds.
  path: Assets/@PaulosCreations/RunesAndPortals/Props/Mesh/Rune.fbx
  artifactKey: Guid(7cde38feaf4e1544691e4897f51a73c4) Importer(815301076,1909f56bfc062723c751e8b465ee728b)
Start importing Assets/@PaulosCreations/RunesAndPortals/Props/Mesh/Rune.fbx using Guid(7cde38feaf4e1544691e4897f51a73c4) Importer(815301076,1909f56bfc062723c751e8b465ee728b) (PreviewImporter) -> (artifact id: '3fad3ae9ad5acab55baeab7d82a4e12c') in 0.0700056 seconds
Internal: There are remaining Allocations on the JobTempAlloc. This is a leak, and will impact performance
To Debug, run app with -diag-job-temp-memory-leak-validation cmd line argument. This will output the callstacks of the leaked allocations.
Number of updated asset objects reloaded before import = 0Number of asset objects unloaded after import = 38

========================================================================
Received Import Request.
  Time since last request: 0.000068 seconds.
  path: Assets/Modular Building Kit/Urp/Prefab/Roof Tile/Roof Top Cover 3.prefab
  artifactKey: Guid(4c4abae735d819b4d968754cdd978610) Importer(815301076,1909f56bfc062723c751e8b465ee728b)
Start importing Assets/Modular Building Kit/Urp/Prefab/Roof Tile/Roof Top Cover 3.prefab using Guid(4c4abae735d819b4d968754cdd978610) Importer(815301076,1909f56bfc062723c751e8b465ee728b) (PreviewImporter) -> (artifact id: '4c2ac2e63d67642808a68a2b98d6e04c') in 0.0207305 seconds
Internal: There are remaining Allocations on the JobTempAlloc. This is a leak, and will impact performance
To Debug, run app with -diag-job-temp-memory-leak-validation cmd line argument. This will output the callstacks of the leaked allocations.
Number of updated asset objects reloaded before import = 0Number of asset objects unloaded after import = 32

========================================================================
Received Import Request.
  Time since last request: 0.000046 seconds.
  path: Assets/Level 1 Monster Pack/Prefabs/Rabbit/Rabbit_Cyan.prefab
  artifactKey: Guid(f3e92f0e6c7c8724b98eded63b438981) Importer(815301076,1909f56bfc062723c751e8b465ee728b)
Start importing Assets/Level 1 Monster Pack/Prefabs/Rabbit/Rabbit_Cyan.prefab using Guid(f3e92f0e6c7c8724b98eded63b438981) Importer(815301076,1909f56bfc062723c751e8b465ee728b) (PreviewImporter) -> (artifact id: '3479270a71e584f7b0bd165f6eec1135') in 0.0522978 seconds
Internal: JobTempAlloc has allocations that are more than the maximum lifespan of 4 frames old - this is not allowed and likely a leak
To Debug, run app with -diag-job-temp-memory-leak-validation cmd line argument. This will output the callstacks of the leaked allocations.
Internal: There are remaining Allocations on the JobTempAlloc. This is a leak, and will impact performance
To Debug, run app with -diag-job-temp-memory-leak-validation cmd line argument. This will output the callstacks of the leaked allocations.
Number of updated asset objects reloaded before import = 0Number of asset objects unloaded after import = 78

========================================================================
Received Import Request.
  Time since last request: 0.000036 seconds.
  path: Assets/Modular Building Kit/Built In/Prefab/Roof Tile/Roof Tile 3.prefab
  artifactKey: Guid(af0ad2d68f6017a4eadc64ef279032d8) Importer(815301076,1909f56bfc062723c751e8b465ee728b)
Start importing Assets/Modular Building Kit/Built In/Prefab/Roof Tile/Roof Tile 3.prefab using Guid(af0ad2d68f6017a4eadc64ef279032d8) Importer(815301076,1909f56bfc062723c751e8b465ee728b) (PreviewImporter) -> (artifact id: '40b606a7596fee4ae6df50301e7ae0ce') in 0.0167117 seconds
Internal: JobTempAlloc has allocations that are more than the maximum lifespan of 4 frames old - this is not allowed and likely a leak
To Debug, run app with -diag-job-temp-memory-leak-validation cmd line argument. This will output the callstacks of the leaked allocations.
Internal: There are remaining Allocations on the JobTempAlloc. This is a leak, and will impact performance
To Debug, run app with -diag-job-temp-memory-leak-validation cmd line argument. This will output the callstacks of the leaked allocations.
Number of updated asset objects reloaded before import = 0Number of asset objects unloaded after import = 28

========================================================================
Received Import Request.
  Time since last request: 0.000034 seconds.
  path: Assets/Modular Building Kit/Built In/Prefab/Roof Tile/Roof Tile 1.prefab
  artifactKey: Guid(0c3d7e7e2a0231f47890fc999c6a89c0) Importer(815301076,1909f56bfc062723c751e8b465ee728b)
Start importing Assets/Modular Building Kit/Built In/Prefab/Roof Tile/Roof Tile 1.prefab using Guid(0c3d7e7e2a0231f47890fc999c6a89c0) Importer(815301076,1909f56bfc062723c751e8b465ee728b) (PreviewImporter) -> (artifact id: '5f0c7253368f7a21f5c8c96217c143cb') in 0.0178703 seconds
Internal: There are remaining Allocations on the JobTempAlloc. This is a leak, and will impact performance
To Debug, run app with -diag-job-temp-memory-leak-validation cmd line argument. This will output the callstacks of the leaked allocations.
Number of updated asset objects reloaded before import = 0Number of asset objects unloaded after import = 28

========================================================================
Received Import Request.
  Time since last request: 0.000034 seconds.
  path: Assets/Low-Poly Medieval Market/Prefabs/sausage_on_surface.prefab
  artifactKey: Guid(53646a4941d5a754ba7fa7664f325dea) Importer(815301076,1909f56bfc062723c751e8b465ee728b)
Start importing Assets/Low-Poly Medieval Market/Prefabs/sausage_on_surface.prefab using Guid(53646a4941d5a754ba7fa7664f325dea) Importer(815301076,1909f56bfc062723c751e8b465ee728b) (PreviewImporter) -> (artifact id: 'aa33b7c300133781d8c0d6e0003735d0') in 0.0264743 seconds
Internal: There are remaining Allocations on the JobTempAlloc. This is a leak, and will impact performance
To Debug, run app with -diag-job-temp-memory-leak-validation cmd line argument. This will output the callstacks of the leaked allocations.
Number of updated asset objects reloaded before import = 0Number of asset objects unloaded after import = 31

========================================================================
Received Import Request.
  Time since last request: 0.000026 seconds.
  path: Assets/@PaulosCreations/RunesAndPortals/Props/Mesh/Rune_Part_0_Collision.fbx
  artifactKey: Guid(01b7fee85979aff478454894d88fa319) Importer(815301076,1909f56bfc062723c751e8b465ee728b)
Start importing Assets/@PaulosCreations/RunesAndPortals/Props/Mesh/Rune_Part_0_Collision.fbx using Guid(01b7fee85979aff478454894d88fa319) Importer(815301076,1909f56bfc062723c751e8b465ee728b) (PreviewImporter) -> (artifact id: 'b4ff3a6d1aceb17359bbdc9cb9ce6716') in 0.0237832 seconds
Internal: There are remaining Allocations on the JobTempAlloc. This is a leak, and will impact performance
To Debug, run app with -diag-job-temp-memory-leak-validation cmd line argument. This will output the callstacks of the leaked allocations.
Number of updated asset objects reloaded before import = 0Number of asset objects unloaded after import = 30

========================================================================
Received Import Request.
  Time since last request: 0.000035 seconds.
  path: Assets/@PaulosCreations/RunesAndPortals/Vortex/Mesh/SandPit_Collision.fbx
  artifactKey: Guid(15ccd26a1118fbe4c9b39e78c21a3e34) Importer(815301076,1909f56bfc062723c751e8b465ee728b)
Start importing Assets/@PaulosCreations/RunesAndPortals/Vortex/Mesh/SandPit_Collision.fbx using Guid(15ccd26a1118fbe4c9b39e78c21a3e34) Importer(815301076,1909f56bfc062723c751e8b465ee728b) (PreviewImporter) -> (artifact id: 'b6e8b5af5c8e26482d29271d5ebeda32') in 0.0349475 seconds
Internal: There are remaining Allocations on the JobTempAlloc. This is a leak, and will impact performance
To Debug, run app with -diag-job-temp-memory-leak-validation cmd line argument. This will output the callstacks of the leaked allocations.
Number of updated asset objects reloaded before import = 0Number of asset objects unloaded after import = 30

========================================================================
Received Import Request.
  Time since last request: 0.000028 seconds.
  path: Assets/Low-Poly Medieval Market/Prefabs/round_bread.prefab
  artifactKey: Guid(3d4423e72eabf19439fa6b367a803a32) Importer(815301076,1909f56bfc062723c751e8b465ee728b)
Start importing Assets/Low-Poly Medieval Market/Prefabs/round_bread.prefab using Guid(3d4423e72eabf19439fa6b367a803a32) Importer(815301076,1909f56bfc062723c751e8b465ee728b) (PreviewImporter) -> (artifact id: 'fc42d2648197437a7f894c35f0ea19ef') in 0.0290057 seconds
Internal: There are remaining Allocations on the JobTempAlloc. This is a leak, and will impact performance
To Debug, run app with -diag-job-temp-memory-leak-validation cmd line argument. This will output the callstacks of the leaked allocations.
Number of updated asset objects reloaded before import = 0Number of asset objects unloaded after import = 31

========================================================================
Received Import Request.
  Time since last request: 0.000028 seconds.
  path: Assets/Low-Poly Medieval Market/Prefabs/rag.prefab
  artifactKey: Guid(ceee6e50c0e794d44b60f1f9c6d16a2f) Importer(815301076,1909f56bfc062723c751e8b465ee728b)
Start importing Assets/Low-Poly Medieval Market/Prefabs/rag.prefab using Guid(ceee6e50c0e794d44b60f1f9c6d16a2f) Importer(815301076,1909f56bfc062723c751e8b465ee728b) (PreviewImporter) -> (artifact id: '2d0a183fdae0ed3bed646c4a0df037ba') in 0.0316244 seconds
Internal: There are remaining Allocations on the JobTempAlloc. This is a leak, and will impact performance
To Debug, run app with -diag-job-temp-memory-leak-validation cmd line argument. This will output the callstacks of the leaked allocations.
Number of updated asset objects reloaded before import = 0Number of asset objects unloaded after import = 31

========================================================================
Received Import Request.
  Time since last request: 0.000029 seconds.
  path: Assets/Modular Building Kit/Built In/Prefab/Roof Tile/Roof Tile 5.prefab
  artifactKey: Guid(2935666d94945544191b1b024112547b) Importer(815301076,1909f56bfc062723c751e8b465ee728b)
Start importing Assets/Modular Building Kit/Built In/Prefab/Roof Tile/Roof Tile 5.prefab using Guid(2935666d94945544191b1b024112547b) Importer(815301076,1909f56bfc062723c751e8b465ee728b) (PreviewImporter) -> (artifact id: 'd16b737613f13d1eea140a996f241701') in 0.0517095 seconds
Internal: There are remaining Allocations on the JobTempAlloc. This is a leak, and will impact performance
To Debug, run app with -diag-job-temp-memory-leak-validation cmd line argument. This will output the callstacks of the leaked allocations.
Number of updated asset objects reloaded before import = 0Number of asset objects unloaded after import = 28

========================================================================
Received Import Request.
  Time since last request: 0.000022 seconds.
  path: Assets/Modular Building Kit/Urp/Prefab/Roof Tile/Roof Top Cover 2.prefab
  artifactKey: Guid(4c991b1cc1684964e9fdbd6f608764cb) Importer(815301076,1909f56bfc062723c751e8b465ee728b)
Start importing Assets/Modular Building Kit/Urp/Prefab/Roof Tile/Roof Top Cover 2.prefab using Guid(4c991b1cc1684964e9fdbd6f608764cb) Importer(815301076,1909f56bfc062723c751e8b465ee728b) (PreviewImporter) -> (artifact id: '4d72f516c9d2da140469cbf68737e938') in 0.0258447 seconds
Internal: There are remaining Allocations on the JobTempAlloc. This is a leak, and will impact performance
To Debug, run app with -diag-job-temp-memory-leak-validation cmd line argument. This will output the callstacks of the leaked allocations.
Number of updated asset objects reloaded before import = 0Number of asset objects unloaded after import = 32

========================================================================
Received Import Request.
  Time since last request: 0.000061 seconds.
  path: Assets/RPGHero/Prefabs/RPGHeroHP.prefab
  artifactKey: Guid(c20397bf1592dc040b827e8716b0bd41) Importer(815301076,1909f56bfc062723c751e8b465ee728b)
Start importing Assets/RPGHero/Prefabs/RPGHeroHP.prefab using Guid(c20397bf1592dc040b827e8716b0bd41) Importer(815301076,1909f56bfc062723c751e8b465ee728b) (PreviewImporter) -> (artifact id: 'fbe52337da10b995127944d0ae1d51b1') in 0.1628976 seconds
Internal: There are remaining Allocations on the JobTempAlloc. This is a leak, and will impact performance
To Debug, run app with -diag-job-temp-memory-leak-validation cmd line argument. This will output the callstacks of the leaked allocations.
Number of updated asset objects reloaded before import = 0Number of asset objects unloaded after import = 213

========================================================================
Received Import Request.
  Time since last request: 8.864911 seconds.
  path: Assets/Low-Poly Medieval Market/Prefabs/bananas_box.prefab
  artifactKey: Guid(f9d69a5c9bffe874f8d3098830fabf72) Importer(815301076,1909f56bfc062723c751e8b465ee728b)
Start importing Assets/Low-Poly Medieval Market/Prefabs/bananas_box.prefab using Guid(f9d69a5c9bffe874f8d3098830fabf72) Importer(815301076,1909f56bfc062723c751e8b465ee728b) (PreviewImporter) -> (artifact id: 'b6293c4e94dbeb397a12f079e040806c') in 0.0864671 seconds
Internal: There are remaining Allocations on the JobTempAlloc. This is a leak, and will impact performance
To Debug, run app with -diag-job-temp-memory-leak-validation cmd line argument. This will output the callstacks of the leaked allocations.
Number of updated asset objects reloaded before import = 0Number of asset objects unloaded after import = 219

========================================================================
Received Import Request.
  Time since last request: 0.064354 seconds.
  path: Assets/Modular Building Kit/Built In/Prefab/Books/Book 1.prefab
  artifactKey: Guid(eb4766ac7605b3d46b7cd1ebe9ba0055) Importer(815301076,1909f56bfc062723c751e8b465ee728b)
Start importing Assets/Modular Building Kit/Built In/Prefab/Books/Book 1.prefab using Guid(eb4766ac7605b3d46b7cd1ebe9ba0055) Importer(815301076,1909f56bfc062723c751e8b465ee728b) (PreviewImporter) -> (artifact id: 'f3c63782a47732fa89b939afd3079e2a') in 0.015447 seconds
Internal: There are remaining Allocations on the JobTempAlloc. This is a leak, and will impact performance
To Debug, run app with -diag-job-temp-memory-leak-validation cmd line argument. This will output the callstacks of the leaked allocations.
Number of updated asset objects reloaded before import = 0Number of asset objects unloaded after import = 28

========================================================================
Received Import Request.
  Time since last request: 0.024696 seconds.
  path: Assets/Modular Building Kit/Built In/Prefab/Books/Book 3.prefab
  artifactKey: Guid(09913fdab8e88354691e8177bd85b475) Importer(815301076,1909f56bfc062723c751e8b465ee728b)
Start importing Assets/Modular Building Kit/Built In/Prefab/Books/Book 3.prefab using Guid(09913fdab8e88354691e8177bd85b475) Importer(815301076,1909f56bfc062723c751e8b465ee728b) (PreviewImporter) -> (artifact id: '185ae227f5112cb5ae07e272ee573f2f') in 0.0173404 seconds
Internal: JobTempAlloc has allocations that are more than the maximum lifespan of 4 frames old - this is not allowed and likely a leak
To Debug, run app with -diag-job-temp-memory-leak-validation cmd line argument. This will output the callstacks of the leaked allocations.
Internal: There are remaining Allocations on the JobTempAlloc. This is a leak, and will impact performance
To Debug, run app with -diag-job-temp-memory-leak-validation cmd line argument. This will output the callstacks of the leaked allocations.
Number of updated asset objects reloaded before import = 0Number of asset objects unloaded after import = 28

========================================================================
Received Import Request.
  Time since last request: 0.014670 seconds.
  path: Assets/Modular Building Kit/Built In/Prefab/BookShelf/Book Shelf 1.prefab
  artifactKey: Guid(2d076daf41f6bba40bf2f1cf65002378) Importer(815301076,1909f56bfc062723c751e8b465ee728b)
Start importing Assets/Modular Building Kit/Built In/Prefab/BookShelf/Book Shelf 1.prefab using Guid(2d076daf41f6bba40bf2f1cf65002378) Importer(815301076,1909f56bfc062723c751e8b465ee728b) (PreviewImporter) -> (artifact id: '7ec72f2c1435e43f472e95fdda981c9a') in 0.0171451 seconds
Internal: There are remaining Allocations on the JobTempAlloc. This is a leak, and will impact performance
To Debug, run app with -diag-job-temp-memory-leak-validation cmd line argument. This will output the callstacks of the leaked allocations.
Number of updated asset objects reloaded before import = 0Number of asset objects unloaded after import = 28

========================================================================
Received Import Request.
  Time since last request: 0.004930 seconds.
  path: Assets/Modular Building Kit/Built In/Prefab/BookShelf/Book Shelf 2.prefab
  artifactKey: Guid(74b81204628b313448dfc44140b857b6) Importer(815301076,1909f56bfc062723c751e8b465ee728b)
Start importing Assets/Modular Building Kit/Built In/Prefab/BookShelf/Book Shelf 2.prefab using Guid(74b81204628b313448dfc44140b857b6) Importer(815301076,1909f56bfc062723c751e8b465ee728b) (PreviewImporter) -> (artifact id: '7ea3bff0f0725842a554ace85f03f1af') in 0.0158103 seconds
Internal: JobTempAlloc has allocations that are more than the maximum lifespan of 4 frames old - this is not allowed and likely a leak
To Debug, run app with -diag-job-temp-memory-leak-validation cmd line argument. This will output the callstacks of the leaked allocations.
Internal: There are remaining Allocations on the JobTempAlloc. This is a leak, and will impact performance
To Debug, run app with -diag-job-temp-memory-leak-validation cmd line argument. This will output the callstacks of the leaked allocations.
Number of updated asset objects reloaded before import = 0Number of asset objects unloaded after import = 28

========================================================================
Received Import Request.
  Time since last request: 0.007680 seconds.
  path: Assets/Modular Building Kit/Built In/Prefab/BookShelf/Book Shelf 3.prefab
  artifactKey: Guid(b6ab87d2e0da5fd439c32aeb9c8415db) Importer(815301076,1909f56bfc062723c751e8b465ee728b)
Start importing Assets/Modular Building Kit/Built In/Prefab/BookShelf/Book Shelf 3.prefab using Guid(b6ab87d2e0da5fd439c32aeb9c8415db) Importer(815301076,1909f56bfc062723c751e8b465ee728b) (PreviewImporter) -> (artifact id: '72e6c9fdc2617a90fe3f43480ea3c5b1') in 0.0170519 seconds
Internal: There are remaining Allocations on the JobTempAlloc. This is a leak, and will impact performance
To Debug, run app with -diag-job-temp-memory-leak-validation cmd line argument. This will output the callstacks of the leaked allocations.
Number of updated asset objects reloaded before import = 0Number of asset objects unloaded after import = 28

========================================================================
Received Import Request.
  Time since last request: 0.001985 seconds.
  path: Assets/Daniel Mistage/Stylized Fantasy Armory/Prefabs/Decorative Props/Books/Book.002.prefab
  artifactKey: Guid(e281f0ace99bd074690d1fb6d625b492) Importer(815301076,1909f56bfc062723c751e8b465ee728b)
Start importing Assets/Daniel Mistage/Stylized Fantasy Armory/Prefabs/Decorative Props/Books/Book.002.prefab using Guid(e281f0ace99bd074690d1fb6d625b492) Importer(815301076,1909f56bfc062723c751e8b465ee728b) (PreviewImporter) -> (artifact id: 'db5f46691c81fa42664f08fdaf1f2f0e') in 0.0240327 seconds
Internal: There are remaining Allocations on the JobTempAlloc. This is a leak, and will impact performance
To Debug, run app with -diag-job-temp-memory-leak-validation cmd line argument. This will output the callstacks of the leaked allocations.
Number of updated asset objects reloaded before import = 0Number of asset objects unloaded after import = 32

========================================================================
Received Import Request.
  Time since last request: 0.006183 seconds.
  path: Assets/Daniel Mistage/Stylized Fantasy Armory/FBX/Book.004.fbx
  artifactKey: Guid(41c3a93113a552446a53b5cbb8f0c141) Importer(815301076,1909f56bfc062723c751e8b465ee728b)
Start importing Assets/Daniel Mistage/Stylized Fantasy Armory/FBX/Book.004.fbx using Guid(41c3a93113a552446a53b5cbb8f0c141) Importer(815301076,1909f56bfc062723c751e8b465ee728b) (PreviewImporter) -> (artifact id: 'b870e2ec0e7a2869a714188f415aeb84') in 0.0314175 seconds
Internal: There are remaining Allocations on the JobTempAlloc. This is a leak, and will impact performance
To Debug, run app with -diag-job-temp-memory-leak-validation cmd line argument. This will output the callstacks of the leaked allocations.
Number of updated asset objects reloaded before import = 0Number of asset objects unloaded after import = 31

========================================================================
Received Prepare
Refreshing native plugins compatible for Editor in 10.49 ms, found 6 plugins.
Preloading 0 native plugins for Editor in 0.00 ms.
Unloading 44 Unused Serialized files (Serialized files now loaded: 0)
Unloading 43 unused Assets / (4.8 MB). Loaded Objects now: 7359.
Memory consumption went from 171.1 MB to 166.4 MB.
Total: 10.035100 ms (FindLiveObjects: 0.638800 ms CreateObjectMapping: 0.188900 ms MarkObjects: 7.645100 ms  DeleteObjects: 1.558100 ms)

Prepare: number of updated asset objects reloaded= 0
========================================================================
Received Prepare
Begin MonoManager ReloadAssembly
Internal: deleting an allocation that is older than its permitted lifetime of 4 frames (age = 9)
Internal: deleting an allocation that is older than its permitted lifetime of 4 frames (age = 9)
Internal: deleting an allocation that is older than its permitted lifetime of 4 frames (age = 6)
Internal: deleting an allocation that is older than its permitted lifetime of 4 frames (age = 6)
Symbol file LoadedFromMemory doesn't match image C:\Users\77kik\Documents\ProjetOmegaRenouveau\Game\Library\PackageCache\com.unity.visualscripting@1.8.0\Editor\VisualScripting.Core\Dependencies\YamlDotNet\Unity.VisualScripting.YamlDotNet.dll
Symbol file LoadedFromMemory doesn't match image C:\Users\77kik\Documents\ProjetOmegaRenouveau\Game\Library\PackageCache\com.unity.visualscripting@1.8.0\Editor\VisualScripting.Core\Dependencies\DotNetZip\Unity.VisualScripting.IonicZip.dll
- Loaded All Assemblies, in  1.084 seconds
Refreshing native plugins compatible for Editor in 2.33 ms, found 6 plugins.
Native extension for WindowsStandalone target not found
Native extension for WebGL target not found
Error saving file Library/StateCache/LayerSettings/9e/9ecc5c3c162a7aba29bafa64c8b94b7c.json. Error: System.IO.IOException: Sharing violation on path C:\Users\77kik\Documents\ProjetOmegaRenouveau\Game\Library\StateCache\LayerSettings\9e\9ecc5c3c162a7aba29bafa64c8b94b7c.json
  at System.IO.FileStream..ctor (System.String path, System.IO.FileMode mode, System.IO.FileAccess access, System.IO.FileShare share, System.Int32 bufferSize, System.Boolean anonymous, System.IO.FileOptions options) [0x0019e] in <ecf276dcb8654fa5bed2c5ea1a4ad870>:0 
  at System.IO.FileStream..ctor (System.String path, System.IO.FileMode mode, System.IO.FileAccess access, System.IO.FileShare share, System.Int32 bufferSize, System.IO.FileOptions options) [0x00000] in <ecf276dcb8654fa5bed2c5ea1a4ad870>:0 
  at (wrapper remoting-invoke-with-check) System.IO.FileStream..ctor(string,System.IO.FileMode,System.IO.FileAccess,System.IO.FileShare,int,System.IO.FileOptions)
  at System.IO.StreamWriter..ctor (System.String path, System.Boolean append, System.Text.Encoding encoding, System.Int32 bufferSize) [0x00055] in <ecf276dcb8654fa5bed2c5ea1a4ad870>:0 
  at System.IO.StreamWriter..ctor (System.String path, System.Boolean append, System.Text.Encoding encoding) [0x00000] in <ecf276dcb8654fa5bed2c5ea1a4ad870>:0 
  at (wrapper remoting-invoke-with-check) System.IO.StreamWriter..ctor(string,bool,System.Text.Encoding)
  at System.IO.File.WriteAllText (System.String path, System.String contents, System.Text.Encoding encoding) [0x00034] in <ecf276dcb8654fa5bed2c5ea1a4ad870>:0 
  at UnityEditor.StateCache`1[T].SetState (UnityEngine.Hash128 key, T obj) [0x0004b] in <8f5ff83e453e49179847370b820a0398>:0 
UnityEngine.Debug:ExtractStackTraceNoAlloc (byte*,int,string)
UnityEngine.StackTraceUtility:ExtractStackTrace ()
UnityEngine.DebugLogHandler:Internal_Log (UnityEngine.LogType,UnityEngine.LogOption,string,UnityEngine.Object)
UnityEngine.DebugLogHandler:LogFormat (UnityEngine.LogType,UnityEngine.Object,string,object[])
UnityEngine.Logger:Log (UnityEngine.LogType,object)
UnityEngine.Debug:LogError (object)
UnityEditor.StateCache`1<UnityEditor.Tools/LayerSettings>:SetState (UnityEngine.Hash128,UnityEditor.Tools/LayerSettings)
UnityEditor.Tools:set_lockedLayers (int)
UnityEditor.Tools:OnEnable ()
UnityEngine.ScriptableObject:CreateScriptableObjectInstanceFromType (System.Type,bool)
UnityEngine.ScriptableObject:CreateInstance (System.Type)
UnityEngine.ScriptableObject:CreateInstance<UnityEditor.Tools> ()
UnityEditor.Tools:get_get ()
UnityEditor.Tools:get_visibleLayers ()
UnityEditor.Animations.Rigging.BoneRendererUtils:.cctor () (at ./Library/PackageCache/com.unity.animation.rigging@1.3.0/Editor/Utils/BoneRendererUtils.cs:121)
System.Runtime.CompilerServices.RuntimeHelpers:RunClassConstructor (System.RuntimeTypeHandle)
UnityEditor.EditorAssemblies:ProcessInitializeOnLoadAttributes (System.Type[])

(Filename: ./Library/PackageCache/com.unity.animation.rigging@1.3.0/Editor/Utils/BoneRendererUtils.cs Line: 121)

[MODES] ModeService[none].Initialize
[MODES] ModeService[none].LoadModes
[MODES] Loading mode Default (0) for mode-current-id-Game
Error saving file Library/StateCache/LayerSettings/9e/9ecc5c3c162a7aba29bafa64c8b94b7c.json. Error: System.IO.IOException: Sharing violation on path C:\Users\77kik\Documents\ProjetOmegaRenouveau\Game\Library\StateCache\LayerSettings\9e\9ecc5c3c162a7aba29bafa64c8b94b7c.json
  at System.IO.FileStream..ctor (System.String path, System.IO.FileMode mode, System.IO.FileAccess access, System.IO.FileShare share, System.Int32 bufferSize, System.Boolean anonymous, System.IO.FileOptions options) [0x0019e] in <ecf276dcb8654fa5bed2c5ea1a4ad870>:0 
  at System.IO.FileStream..ctor (System.String path, System.IO.FileMode mode, System.IO.FileAccess access, System.IO.FileShare share, System.Int32 bufferSize, System.IO.FileOptions options) [0x00000] in <ecf276dcb8654fa5bed2c5ea1a4ad870>:0 
  at (wrapper remoting-invoke-with-check) System.IO.FileStream..ctor(string,System.IO.FileMode,System.IO.FileAccess,System.IO.FileShare,int,System.IO.FileOptions)
  at System.IO.StreamWriter..ctor (System.String path, System.Boolean append, System.Text.Encoding encoding, System.Int32 bufferSize) [0x00055] in <ecf276dcb8654fa5bed2c5ea1a4ad870>:0 
  at System.IO.StreamWriter..ctor (System.String path, System.Boolean append, System.Text.Encoding encoding) [0x00000] in <ecf276dcb8654fa5bed2c5ea1a4ad870>:0 
  at (wrapper remoting-invoke-with-check) System.IO.StreamWriter..ctor(string,bool,System.Text.Encoding)
  at System.IO.File.WriteAllText (System.String path, System.String contents, System.Text.Encoding encoding) [0x00034] in <ecf276dcb8654fa5bed2c5ea1a4ad870>:0 
  at UnityEditor.StateCache`1[T].SetState (UnityEngine.Hash128 key, T obj) [0x0004b] in <8f5ff83e453e49179847370b820a0398>:0 
UnityEngine.Debug:ExtractStackTraceNoAlloc (byte*,int,string)
UnityEngine.StackTraceUtility:ExtractStackTrace ()
UnityEngine.DebugLogHandler:Internal_Log (UnityEngine.LogType,UnityEngine.LogOption,string,UnityEngine.Object)
UnityEngine.DebugLogHandler:LogFormat (UnityEngine.LogType,UnityEngine.Object,string,object[])
UnityEngine.Logger:Log (UnityEngine.LogType,object)
UnityEngine.Debug:LogError (object)
UnityEditor.StateCache`1<UnityEditor.Tools/LayerSettings>:SetState (UnityEngine.Hash128,UnityEditor.Tools/LayerSettings)
UnityEditor.Tools:set_lockedLayers (int)
UnityEditor.Tools:OnEnable ()

Mono: successfully reloaded assembly
- Finished resetting the current domain, in  1.003 seconds
Domain Reload Profiling: 2084ms
	BeginReloadAssembly (255ms)
		ExecutionOrderSort (0ms)
		DisableScriptedObjects (13ms)
		BackupInstance (0ms)
		ReleaseScriptingObjects (0ms)
		CreateAndSetChildDomain (67ms)
	RebuildCommonClasses (43ms)
	RebuildNativeTypeToScriptingClass (14ms)
	initialDomainReloadingComplete (32ms)
	LoadAllAssembliesAndSetupDomain (735ms)
		LoadAssemblies (638ms)
		RebuildTransferFunctionScriptingTraits (0ms)
		AnalyzeDomain (213ms)
			TypeCache.Refresh (9ms)
				TypeCache.ScanAssembly (0ms)
			BuildScriptInfoCaches (180ms)
			ResolveRequiredComponents (21ms)
	FinalizeReload (1004ms)
		ReleaseScriptCaches (0ms)
		RebuildScriptCaches (0ms)
		SetupLoadedEditorAssemblies (707ms)
			LogAssemblyErrors (0ms)
			InitializePlatformSupportModulesInManaged (3ms)
			SetLoadedEditorAssemblies (3ms)
			BeforeProcessingInitializeOnLoad (98ms)
			ProcessInitializeOnLoadAttributes (555ms)
			ProcessInitializeOnLoadMethodAttributes (39ms)
			AfterProcessingInitializeOnLoad (9ms)
			EditorAssembliesLoaded (0ms)
		ExecutionOrderSort2 (0ms)
		AwakeInstancesAfterBackupRestoration (23ms)
Refreshing native plugins compatible for Editor in 3.05 ms, found 6 plugins.
Preloading 0 native plugins for Editor in 0.00 ms.
Unloading 53 Unused Serialized files (Serialized files now loaded: 0)
Unloading 6461 unused Assets / (8.9 MB). Loaded Objects now: 7295.
Memory consumption went from 186.9 MB to 178.0 MB.
Total: 18.853700 ms (FindLiveObjects: 1.398400 ms CreateObjectMapping: 2.780200 ms MarkObjects: 6.462000 ms  DeleteObjects: 8.207800 ms)

Prepare: number of updated asset objects reloaded= 0
Editor requested this worker to shutdown with reason: Scaling down because of idle timeout
AssetImportWorker is now disconnected from the server
Process exiting
Exiting without the bug reporter. Application will terminate with return code 0